21
left
down
down
right
right
up
left
up
right
down
left
down
left
up
right
down
right
up
up
left
left
