50
left
down
right
right
up
up
right
down
left
left
down
right
right
up
left
left
left
down
right
right
down
left
left
up
right
down
right
right
up
left
left
up
right
up
right
down
down
left
up
up
left
left
down
right
right
up
left
down
left
up
