31
up
right
down
down
left
up
up
right
right
down
down
left
up
right
down
left
left
up
up
right
down
left
up
right
right
down
down
left
left
up
up